Archive member included to satisfy reference by file (symbol)

c:/st/stm32cubeide_1.5.0/stm32cubeide/plugins/com.st.stm32cube.ide.mcu.externaltools.gnu-tools-for-stm32.7-2018-q2-update.win32_1.5.0.202011040924/tools/bin/../lib/gcc/arm-none-eabi/7.3.1/../../../../arm-none-eabi/lib/thumb/v7-m\libc_nano.a(lib_a-exit.o)
                              c:/st/stm32cubeide_1.5.0/stm32cubeide/plugins/com.st.stm32cube.ide.mcu.externaltools.gnu-tools-for-stm32.7-2018-q2-update.win32_1.5.0.202011040924/tools/bin/../lib/gcc/arm-none-eabi/7.3.1/../../../../arm-none-eabi/lib/thumb/v7-m/crt0.o (exit)
c:/st/stm32cubeide_1.5.0/stm32cubeide/plugins/com.st.stm32cube.ide.mcu.externaltools.gnu-tools-for-stm32.7-2018-q2-update.win32_1.5.0.202011040924/tools/bin/../lib/gcc/arm-none-eabi/7.3.1/../../../../arm-none-eabi/lib/thumb/v7-m\libc_nano.a(lib_a-impure.o)
                              c:/st/stm32cubeide_1.5.0/stm32cubeide/plugins/com.st.stm32cube.ide.mcu.externaltools.gnu-tools-for-stm32.7-2018-q2-update.win32_1.5.0.202011040924/tools/bin/../lib/gcc/arm-none-eabi/7.3.1/../../../../arm-none-eabi/lib/thumb/v7-m\libc_nano.a(lib_a-exit.o) (_global_impure_ptr)
c:/st/stm32cubeide_1.5.0/stm32cubeide/plugins/com.st.stm32cube.ide.mcu.externaltools.gnu-tools-for-stm32.7-2018-q2-update.win32_1.5.0.202011040924/tools/bin/../lib/gcc/arm-none-eabi/7.3.1/../../../../arm-none-eabi/lib/thumb/v7-m\libc_nano.a(lib_a-init.o)
                              c:/st/stm32cubeide_1.5.0/stm32cubeide/plugins/com.st.stm32cube.ide.mcu.externaltools.gnu-tools-for-stm32.7-2018-q2-update.win32_1.5.0.202011040924/tools/bin/../lib/gcc/arm-none-eabi/7.3.1/../../../../arm-none-eabi/lib/thumb/v7-m/crt0.o (__libc_init_array)
c:/st/stm32cubeide_1.5.0/stm32cubeide/plugins/com.st.stm32cube.ide.mcu.externaltools.gnu-tools-for-stm32.7-2018-q2-update.win32_1.5.0.202011040924/tools/bin/../lib/gcc/arm-none-eabi/7.3.1/../../../../arm-none-eabi/lib/thumb/v7-m\libc_nano.a(lib_a-memset.o)
                              c:/st/stm32cubeide_1.5.0/stm32cubeide/plugins/com.st.stm32cube.ide.mcu.externaltools.gnu-tools-for-stm32.7-2018-q2-update.win32_1.5.0.202011040924/tools/bin/../lib/gcc/arm-none-eabi/7.3.1/../../../../arm-none-eabi/lib/thumb/v7-m/crt0.o (memset)
c:/st/stm32cubeide_1.5.0/stm32cubeide/plugins/com.st.stm32cube.ide.mcu.externaltools.gnu-tools-for-stm32.7-2018-q2-update.win32_1.5.0.202011040924/tools/bin/../lib/gcc/arm-none-eabi/7.3.1/thumb/v7-m\libgcc.a(_arm_addsubdf3.o)
                              Src/Ultrasonic.o (__aeabi_i2d)
c:/st/stm32cubeide_1.5.0/stm32cubeide/plugins/com.st.stm32cube.ide.mcu.externaltools.gnu-tools-for-stm32.7-2018-q2-update.win32_1.5.0.202011040924/tools/bin/../lib/gcc/arm-none-eabi/7.3.1/thumb/v7-m\libgcc.a(_arm_muldivdf3.o)
                              Src/RotarySwitchEncoder.o (__aeabi_dmul)
c:/st/stm32cubeide_1.5.0/stm32cubeide/plugins/com.st.stm32cube.ide.mcu.externaltools.gnu-tools-for-stm32.7-2018-q2-update.win32_1.5.0.202011040924/tools/bin/../lib/gcc/arm-none-eabi/7.3.1/thumb/v7-m\libgcc.a(_arm_fixunsdfsi.o)
                              Src/RotarySwitchEncoder.o (__aeabi_d2uiz)
c:/st/stm32cubeide_1.5.0/stm32cubeide/plugins/com.st.stm32cube.ide.mcu.externaltools.gnu-tools-for-stm32.7-2018-q2-update.win32_1.5.0.202011040924/tools/bin/../lib/gcc/arm-none-eabi/7.3.1/thumb/v7-m\libgcc.a(_arm_addsubsf3.o)
                              Src/RotarySwitchEncoder.o (__aeabi_ui2f)
c:/st/stm32cubeide_1.5.0/stm32cubeide/plugins/com.st.stm32cube.ide.mcu.externaltools.gnu-tools-for-stm32.7-2018-q2-update.win32_1.5.0.202011040924/tools/bin/../lib/gcc/arm-none-eabi/7.3.1/../../../../arm-none-eabi/lib/thumb/v7-m\libnosys.a(_exit.o)
                              c:/st/stm32cubeide_1.5.0/stm32cubeide/plugins/com.st.stm32cube.ide.mcu.externaltools.gnu-tools-for-stm32.7-2018-q2-update.win32_1.5.0.202011040924/tools/bin/../lib/gcc/arm-none-eabi/7.3.1/../../../../arm-none-eabi/lib/thumb/v7-m\libc_nano.a(lib_a-exit.o) (_exit)

Allocating common symbols
Common symbol       size              file

flag2               0x1               Src/I2C.o
flag1               0x1               Src/I2C.o

Discarded input sections

 .text          0x0000000000000000        0x0 c:/st/stm32cubeide_1.5.0/stm32cubeide/plugins/com.st.stm32cube.ide.mcu.externaltools.gnu-tools-for-stm32.7-2018-q2-update.win32_1.5.0.202011040924/tools/bin/../lib/gcc/arm-none-eabi/7.3.1/thumb/v7-m/crti.o
 .data          0x0000000000000000        0x0 c:/st/stm32cubeide_1.5.0/stm32cubeide/plugins/com.st.stm32cube.ide.mcu.externaltools.gnu-tools-for-stm32.7-2018-q2-update.win32_1.5.0.202011040924/tools/bin/../lib/gcc/arm-none-eabi/7.3.1/thumb/v7-m/crti.o
 .bss           0x0000000000000000        0x0 c:/st/stm32cubeide_1.5.0/stm32cubeide/plugins/com.st.stm32cube.ide.mcu.externaltools.gnu-tools-for-stm32.7-2018-q2-update.win32_1.5.0.202011040924/tools/bin/../lib/gcc/arm-none-eabi/7.3.1/thumb/v7-m/crti.o
 .data          0x0000000000000000        0x4 c:/st/stm32cubeide_1.5.0/stm32cubeide/plugins/com.st.stm32cube.ide.mcu.externaltools.gnu-tools-for-stm32.7-2018-q2-update.win32_1.5.0.202011040924/tools/bin/../lib/gcc/arm-none-eabi/7.3.1/thumb/v7-m/crtbegin.o
 .text          0x0000000000000000       0x74 c:/st/stm32cubeide_1.5.0/stm32cubeide/plugins/com.st.stm32cube.ide.mcu.externaltools.gnu-tools-for-stm32.7-2018-q2-update.win32_1.5.0.202011040924/tools/bin/../lib/gcc/arm-none-eabi/7.3.1/../../../../arm-none-eabi/lib/thumb/v7-m/crt0.o
 .data          0x0000000000000000        0x0 c:/st/stm32cubeide_1.5.0/stm32cubeide/plugins/com.st.stm32cube.ide.mcu.externaltools.gnu-tools-for-stm32.7-2018-q2-update.win32_1.5.0.202011040924/tools/bin/../lib/gcc/arm-none-eabi/7.3.1/../../../../arm-none-eabi/lib/thumb/v7-m/crt0.o
 .bss           0x0000000000000000        0x0 c:/st/stm32cubeide_1.5.0/stm32cubeide/plugins/com.st.stm32cube.ide.mcu.externaltools.gnu-tools-for-stm32.7-2018-q2-update.win32_1.5.0.202011040924/tools/bin/../lib/gcc/arm-none-eabi/7.3.1/../../../../arm-none-eabi/lib/thumb/v7-m/crt0.o
 .ARM.extab     0x0000000000000000        0x0 c:/st/stm32cubeide_1.5.0/stm32cubeide/plugins/com.st.stm32cube.ide.mcu.externaltools.gnu-tools-for-stm32.7-2018-q2-update.win32_1.5.0.202011040924/tools/bin/../lib/gcc/arm-none-eabi/7.3.1/../../../../arm-none-eabi/lib/thumb/v7-m/crt0.o
 .ARM.exidx     0x0000000000000000        0x8 c:/st/stm32cubeide_1.5.0/stm32cubeide/plugins/com.st.stm32cube.ide.mcu.externaltools.gnu-tools-for-stm32.7-2018-q2-update.win32_1.5.0.202011040924/tools/bin/../lib/gcc/arm-none-eabi/7.3.1/../../../../arm-none-eabi/lib/thumb/v7-m/crt0.o
 .ARM.attributes
                0x0000000000000000       0x1b c:/st/stm32cubeide_1.5.0/stm32cubeide/plugins/com.st.stm32cube.ide.mcu.externaltools.gnu-tools-for-stm32.7-2018-q2-update.win32_1.5.0.202011040924/tools/bin/../lib/gcc/arm-none-eabi/7.3.1/../../../../arm-none-eabi/lib/thumb/v7-m/crt0.o
 .group         0x0000000000000000        0xc Src/Bluetooth_HC05.o
 .text          0x0000000000000000        0x0 Src/Bluetooth_HC05.o
 .data          0x0000000000000000        0x0 Src/Bluetooth_HC05.o
 .bss           0x0000000000000000        0x0 Src/Bluetooth_HC05.o
 .text.Bluetooth_Send
                0x0000000000000000       0x1c Src/Bluetooth_HC05.o
 .group         0x0000000000000000        0xc Src/DC_MOTOR.o
 .text          0x0000000000000000        0x0 Src/DC_MOTOR.o
 .data          0x0000000000000000        0x0 Src/DC_MOTOR.o
 .bss           0x0000000000000000        0x0 Src/DC_MOTOR.o
 .debug_macro   0x0000000000000000      0xa60 Src/DC_MOTOR.o
 .group         0x0000000000000000        0xc Src/DMA.o
 .group         0x0000000000000000        0xc Src/DMA.o
 .group         0x0000000000000000        0xc Src/DMA.o
 .text          0x0000000000000000        0x0 Src/DMA.o
 .data          0x0000000000000000        0x0 Src/DMA.o
 .bss           0x0000000000000000        0x0 Src/DMA.o
 .text.DMA_Init
                0x0000000000000000       0x1c Src/DMA.o
 .text.DMA_Configuration
                0x0000000000000000       0x70 Src/DMA.o
 .text.DMA_Enable
                0x0000000000000000       0xc0 Src/DMA.o
 .text.DMA_Disable
                0x0000000000000000       0xc0 Src/DMA.o
 .text.DMA_SetISR
                0x0000000000000000       0xec Src/DMA.o
 .text.DMA_EnableInterrupt
                0x0000000000000000       0xbc Src/DMA.o
 .text.DMA_DisableInterrupt
                0x0000000000000000       0xbc Src/DMA.o
 .text.DMA_No_Of_Transactions
                0x0000000000000000       0x98 Src/DMA.o
 .text.DMA_Channel_Priority
                0x0000000000000000      0x424 Src/DMA.o
 .text.DMA_Source_Address
                0x0000000000000000      0x128 Src/DMA.o
 .text.DMA_Destination_Address
                0x0000000000000000      0x128 Src/DMA.o
 .text.DMA_Destination_Size
                0x0000000000000000      0x658 Src/DMA.o
 .text.DMA_Source_Size
                0x0000000000000000      0x658 Src/DMA.o
 .text.DMA_Direction
                0x0000000000000000      0x18c Src/DMA.o
 .text.DMA_Mode
                0x0000000000000000      0x114 Src/DMA.o
 .debug_macro   0x0000000000000000      0xa60 Src/DMA.o
 .group         0x0000000000000000        0xc Src/EXTI.o
 .group         0x0000000000000000        0xc Src/EXTI.o
 .group         0x0000000000000000        0xc Src/EXTI.o
 .text          0x0000000000000000        0x0 Src/EXTI.o
 .data          0x0000000000000000        0x0 Src/EXTI.o
 .bss           0x0000000000000000        0x0 Src/EXTI.o
 .text.EXTI_Init
                0x0000000000000000     0x16e8 Src/EXTI.o
 .text.EXTI_Priority
                0x0000000000000000      0x1bc Src/EXTI.o
 .text.EXTI_Enable
                0x0000000000000000      0x13c Src/EXTI.o
 .text.EXTI_Disable
                0x0000000000000000      0x148 Src/EXTI.o
 .text.EXTI_SetISR
                0x0000000000000000      0x100 Src/EXTI.o
 .debug_macro   0x0000000000000000      0xa60 Src/EXTI.o
 .debug_macro   0x0000000000000000      0xaa3 Src/EXTI.o
 .debug_macro   0x0000000000000000       0x28 Src/EXTI.o
 .group         0x0000000000000000        0xc Src/GPIO.o
 .group         0x0000000000000000        0xc Src/GPIO.o
 .group         0x0000000000000000        0xc Src/GPIO.o
 .text          0x0000000000000000        0x0 Src/GPIO.o
 .data          0x0000000000000000        0x0 Src/GPIO.o
 .bss           0x0000000000000000        0x0 Src/GPIO.o
 .text.GPIO_PinRead
                0x0000000000000000       0x98 Src/GPIO.o
 .text.GPIO_PortWrite
                0x0000000000000000       0xb0 Src/GPIO.o
 .text.GPIO_PortRead
                0x0000000000000000       0x64 Src/GPIO.o
 .debug_macro   0x0000000000000000      0xa60 Src/GPIO.o
 .debug_macro   0x0000000000000000       0x28 Src/GPIO.o
 .debug_macro   0x0000000000000000      0xaa3 Src/GPIO.o
 .group         0x0000000000000000        0xc Src/I2C.o
 .group         0x0000000000000000        0xc Src/I2C.o
 .group         0x0000000000000000        0xc Src/I2C.o
 .text          0x0000000000000000        0x0 Src/I2C.o
 .data          0x0000000000000000        0x0 Src/I2C.o
 .bss           0x0000000000000000        0x0 Src/I2C.o
 .text.I2C_Init
                0x0000000000000000      0x12c Src/I2C.o
 .text.I2C_Config
                0x0000000000000000       0x6c Src/I2C.o
 .text.I2C_Tx_SetISR
                0x0000000000000000       0x3c Src/I2C.o
 .text.I2C_Rx_SetISR
                0x0000000000000000       0x3c Src/I2C.o
 .text.I2C_Strat_Communication
                0x0000000000000000       0x44 Src/I2C.o
 .text.I2C_Stop_Communication
                0x0000000000000000       0x44 Src/I2C.o
 .text.I2C_Set_ACKBit
                0x0000000000000000       0x44 Src/I2C.o
 .text.I2C_Clr_ACKBit
                0x0000000000000000       0x44 Src/I2C.o
 .text.I2C_Clr_ACKFailure
                0x0000000000000000       0x44 Src/I2C.o
 .text.I2C_Clr_ByteTransferFinish
                0x0000000000000000       0x44 Src/I2C.o
 .text.I2C_SetData
                0x0000000000000000       0x40 Src/I2C.o
 .text.I2C_Read
                0x0000000000000000       0x38 Src/I2C.o
 .text.I2C_GetStatus
                0x0000000000000000       0x38 Src/I2C.o
 .text.I2C_Start_Bit_Sent
                0x0000000000000000       0x44 Src/I2C.o
 .text.I2C_ACK_Failure
                0x0000000000000000       0x48 Src/I2C.o
 .text.I2C_ByteTransferFinish
                0x0000000000000000       0x48 Src/I2C.o
 .text.I2C_Address_Sent
                0x0000000000000000       0x48 Src/I2C.o
 .text.I2C_Data_Sent
                0x0000000000000000       0x48 Src/I2C.o
 .text.I2C_Data_Recieved
                0x0000000000000000       0x48 Src/I2C.o
 .debug_macro   0x0000000000000000      0xa60 Src/I2C.o
 .debug_macro   0x0000000000000000      0xaa3 Src/I2C.o
 .debug_macro   0x0000000000000000       0x28 Src/I2C.o
 .group         0x0000000000000000        0xc Src/IR_Sensor.o
 .text          0x0000000000000000        0x0 Src/IR_Sensor.o
 .data          0x0000000000000000        0x0 Src/IR_Sensor.o
 .bss           0x0000000000000000        0x0 Src/IR_Sensor.o
 .text.IR_Sensor_Output
                0x0000000000000000       0x36 Src/IR_Sensor.o
 .debug_macro   0x0000000000000000      0xa60 Src/IR_Sensor.o
 .group         0x0000000000000000        0xc Src/MPU6050.o
 .group         0x0000000000000000        0xc Src/MPU6050.o
 .text          0x0000000000000000        0x0 Src/MPU6050.o
 .data          0x0000000000000000        0x0 Src/MPU6050.o
 .bss           0x0000000000000000        0x0 Src/MPU6050.o
 .bss.RA        0x0000000000000000        0x1 Src/MPU6050.o
 .bss.Tx_DATA   0x0000000000000000        0x1 Src/MPU6050.o
 .bss.Rx_DATA   0x0000000000000000        0x1 Src/MPU6050.o
 .bss.Read_Request
                0x0000000000000000        0x1 Src/MPU6050.o
 .bss.Write_Request
                0x0000000000000000        0x1 Src/MPU6050.o
 .text.MPU6050_Init
                0x0000000000000000       0x28 Src/MPU6050.o
 .text.MPU6050_Read_Request
                0x0000000000000000       0x44 Src/MPU6050.o
 .text.MPU6050_Write_Request
                0x0000000000000000       0x54 Src/MPU6050.o
 .text.MPU6050_Read
                0x0000000000000000       0x14 Src/MPU6050.o
 .text.I2C_Tx   0x0000000000000000       0x90 Src/MPU6050.o
 .text.I2C_Rx   0x0000000000000000      0x10c Src/MPU6050.o
 .bss.flag.4187
                0x0000000000000000        0x1 Src/MPU6050.o
 .debug_info    0x0000000000000000      0x18b Src/MPU6050.o
 .debug_abbrev  0x0000000000000000       0xf2 Src/MPU6050.o
 .debug_aranges
                0x0000000000000000       0x48 Src/MPU6050.o
 .debug_ranges  0x0000000000000000       0x38 Src/MPU6050.o
 .debug_macro   0x0000000000000000       0x40 Src/MPU6050.o
 .debug_macro   0x0000000000000000      0xa60 Src/MPU6050.o
 .debug_macro   0x0000000000000000       0x28 Src/MPU6050.o
 .debug_line    0x0000000000000000       0xf7 Src/MPU6050.o
 .debug_str     0x0000000000000000     0x2f0f Src/MPU6050.o
 .comment       0x0000000000000000       0x7c Src/MPU6050.o
 .debug_frame   0x0000000000000000       0xcc Src/MPU6050.o
 .ARM.attributes
                0x0000000000000000       0x33 Src/MPU6050.o
 .group         0x0000000000000000        0xc Src/RotarySwitchEncoder.o
 .text          0x0000000000000000        0x0 Src/RotarySwitchEncoder.o
 .data          0x0000000000000000        0x0 Src/RotarySwitchEncoder.o
 .bss           0x0000000000000000        0x0 Src/RotarySwitchEncoder.o
 .bss.RotarySwitchEncoder_counter
                0x0000000000000000        0x4 Src/RotarySwitchEncoder.o
 .bss.velocity_counter
                0x0000000000000000        0x2 Src/RotarySwitchEncoder.o
 .bss.RPM       0x0000000000000000        0x2 Src/RotarySwitchEncoder.o
 .bss.velocity  0x0000000000000000        0x2 Src/RotarySwitchEncoder.o
 .text.RotarySwitchEncoder_Init
                0x0000000000000000       0x58 Src/RotarySwitchEncoder.o
 .text.RotarySwitchEncoder_GetRPM
                0x0000000000000000       0x14 Src/RotarySwitchEncoder.o
 .text.RotarySwitchEncoder_Event
                0x0000000000000000       0x34 Src/RotarySwitchEncoder.o
 .text.RotarySwitchEncoder_Time
                0x0000000000000000       0xf4 Src/RotarySwitchEncoder.o
 .text.Car_velocity
                0x0000000000000000       0x14 Src/RotarySwitchEncoder.o
 .bss.flag.4313
                0x0000000000000000        0x2 Src/RotarySwitchEncoder.o
 .debug_info    0x0000000000000000      0x304 Src/RotarySwitchEncoder.o
 .debug_abbrev  0x0000000000000000       0xb9 Src/RotarySwitchEncoder.o
 .debug_aranges
                0x0000000000000000       0x40 Src/RotarySwitchEncoder.o
 .debug_ranges  0x0000000000000000       0x30 Src/RotarySwitchEncoder.o
 .debug_macro   0x0000000000000000       0x61 Src/RotarySwitchEncoder.o
 .debug_macro   0x0000000000000000      0xa60 Src/RotarySwitchEncoder.o
 .debug_line    0x0000000000000000       0xeb Src/RotarySwitchEncoder.o
 .debug_str     0x0000000000000000     0x304c Src/RotarySwitchEncoder.o
 .comment       0x0000000000000000       0x7c Src/RotarySwitchEncoder.o
 .debug_frame   0x0000000000000000       0xa8 Src/RotarySwitchEncoder.o
 .ARM.attributes
                0x0000000000000000       0x33 Src/RotarySwitchEncoder.o
 .group         0x0000000000000000        0xc Src/Timer.o
 .group         0x0000000000000000        0xc Src/Timer.o
 .group         0x0000000000000000        0xc Src/Timer.o
 .text          0x0000000000000000        0x0 Src/Timer.o
 .data          0x0000000000000000        0x0 Src/Timer.o
 .bss           0x0000000000000000        0x0 Src/Timer.o
 .text.Timer_InterruptStatus
                0x0000000000000000       0x7c Src/Timer.o
 .text.Timer_Disable
                0x0000000000000000       0x7c Src/Timer.o
 .text.Timer_Data
                0x0000000000000000       0x60 Src/Timer.o
 .text.Timer_Load
                0x0000000000000000       0x68 Src/Timer.o
 .text.Timer_InterruptEnable
                0x0000000000000000       0xbc Src/Timer.o
 .text.Timer_InterruptDisable
                0x0000000000000000       0x7c Src/Timer.o
 .text.Timer_GetDutyCycle
                0x0000000000000000      0x178 Src/Timer.o
 .text.Timer_DeactivatePWM
                0x0000000000000000       0x5c Src/Timer.o
 .text.Timer_ActivatePWMInterrupt
                0x0000000000000000      0x210 Src/Timer.o
 .text.Timer_DeactivatePWMInterrupt
                0x0000000000000000      0x148 Src/Timer.o
 .text.Timer_CaptureUnits_Flags
                0x0000000000000000       0x78 Src/Timer.o
 .text.TIM1_IRQHandler
                0x0000000000000000       0x98 Src/Timer.o
 .debug_macro   0x0000000000000000      0xa60 Src/Timer.o
 .debug_macro   0x0000000000000000       0x28 Src/Timer.o
 .debug_macro   0x0000000000000000      0xaa3 Src/Timer.o
 .group         0x0000000000000000        0xc Src/UART.o
 .group         0x0000000000000000        0xc Src/UART.o
 .group         0x0000000000000000        0xc Src/UART.o
 .text          0x0000000000000000        0x0 Src/UART.o
 .data          0x0000000000000000        0x0 Src/UART.o
 .bss           0x0000000000000000        0x0 Src/UART.o
 .text.UART_Send
                0x0000000000000000       0x90 Src/UART.o
 .text.UART_Disable
                0x0000000000000000       0x5c Src/UART.o
 .debug_macro   0x0000000000000000      0xa60 Src/UART.o
 .debug_macro   0x0000000000000000       0x28 Src/UART.o
 .debug_macro   0x0000000000000000      0xaa3 Src/UART.o
 .group         0x0000000000000000        0xc Src/Ultrasonic.o
 .text          0x0000000000000000        0x0 Src/Ultrasonic.o
 .data          0x0000000000000000        0x0 Src/Ultrasonic.o
 .bss           0x0000000000000000        0x0 Src/Ultrasonic.o
 .debug_macro   0x0000000000000000      0xa60 Src/Ultrasonic.o
 .group         0x0000000000000000        0xc Src/main.o
 .text          0x0000000000000000        0x0 Src/main.o
 .data          0x0000000000000000        0x0 Src/main.o
 .bss           0x0000000000000000        0x0 Src/main.o
 .bss.APS_STATE
                0x0000000000000000        0x1 Src/main.o
 .text.Free_Driving_Mode
                0x0000000000000000       0x78 Src/main.o
 .text.APS      0x0000000000000000      0x238 Src/main.o
 .text.LFS      0x0000000000000000       0x86 Src/main.o
 .debug_macro   0x0000000000000000      0xa60 Src/main.o
 .text          0x0000000000000000       0x14 Startup/startup_stm32f103c8tx.o
 .data          0x0000000000000000        0x0 Startup/startup_stm32f103c8tx.o
 .bss           0x0000000000000000        0x0 Startup/startup_stm32f103c8tx.o
 .text          0x0000000000000000        0x0 c:/st/stm32cubeide_1.5.0/stm32cubeide/plugins/com.st.stm32cube.ide.mcu.externaltools.gnu-tools-for-stm32.7-2018-q2-update.win32_1.5.0.202011040924/tools/bin/../lib/gcc/arm-none-eabi/7.3.1/../../../../arm-none-eabi/lib/thumb/v7-m\libc_nano.a(lib_a-exit.o)
 .data          0x0000000000000000        0x0 c:/st/stm32cubeide_1.5.0/stm32cubeide/plugins/com.st.stm32cube.ide.mcu.externaltools.gnu-tools-for-stm32.7-2018-q2-update.win32_1.5.0.202011040924/tools/bin/../lib/gcc/arm-none-eabi/7.3.1/../../../../arm-none-eabi/lib/thumb/v7-m\libc_nano.a(lib_a-exit.o)
 .bss           0x0000000000000000        0x0 c:/st/stm32cubeide_1.5.0/stm32cubeide/plugins/com.st.stm32cube.ide.mcu.externaltools.gnu-tools-for-stm32.7-2018-q2-update.win32_1.5.0.202011040924/tools/bin/../lib/gcc/arm-none-eabi/7.3.1/../../../../arm-none-eabi/lib/thumb/v7-m\libc_nano.a(lib_a-exit.o)
 .text.exit     0x0000000000000000       0x28 c:/st/stm32cubeide_1.5.0/stm32cubeide/plugins/com.st.stm32cube.ide.mcu.externaltools.gnu-tools-for-stm32.7-2018-q2-update.win32_1.5.0.202011040924/tools/bin/../lib/gcc/arm-none-eabi/7.3.1/../../../../arm-none-eabi/lib/thumb/v7-m\libc_nano.a(lib_a-exit.o)
 .debug_frame   0x0000000000000000       0x28 c:/st/stm32cubeide_1.5.0/stm32cubeide/plugins/com.st.stm32cube.ide.mcu.externaltools.gnu-tools-for-stm32.7-2018-q2-update.win32_1.5.0.202011040924/tools/bin/../lib/gcc/arm-none-eabi/7.3.1/../../../../arm-none-eabi/lib/thumb/v7-m\libc_nano.a(lib_a-exit.o)
 .ARM.attributes
                0x0000000000000000       0x2d c:/st/stm32cubeide_1.5.0/stm32cubeide/plugins/com.st.stm32cube.ide.mcu.externaltools.gnu-tools-for-stm32.7-2018-q2-update.win32_1.5.0.202011040924/tools/bin/../lib/gcc/arm-none-eabi/7.3.1/../../../../arm-none-eabi/lib/thumb/v7-m\libc_nano.a(lib_a-exit.o)
 .text          0x0000000000000000        0x0 c:/st/stm32cubeide_1.5.0/stm32cubeide/plugins/com.st.stm32cube.ide.mcu.externaltools.gnu-tools-for-stm32.7-2018-q2-update.win32_1.5.0.202011040924/tools/bin/../lib/gcc/arm-none-eabi/7.3.1/../../../../arm-none-eabi/lib/thumb/v7-m\libc_nano.a(lib_a-impure.o)
 .data          0x0000000000000000        0x0 c:/st/stm32cubeide_1.5.0/stm32cubeide/plugins/com.st.stm32cube.ide.mcu.externaltools.gnu-tools-for-stm32.7-2018-q2-update.win32_1.5.0.202011040924/tools/bin/../lib/gcc/arm-none-eabi/7.3.1/../../../../arm-none-eabi/lib/thumb/v7-m\libc_nano.a(lib_a-impure.o)
 .bss           0x0000000000000000        0x0 c:/st/stm32cubeide_1.5.0/stm32cubeide/plugins/com.st.stm32cube.ide.mcu.externaltools.gnu-tools-for-stm32.7-2018-q2-update.win32_1.5.0.202011040924/tools/bin/../lib/gcc/arm-none-eabi/7.3.1/../../../../arm-none-eabi/lib/thumb/v7-m\libc_nano.a(lib_a-impure.o)
 .data._impure_ptr
                0x0000000000000000        0x4 c:/st/stm32cubeide_1.5.0/stm32cubeide/plugins/com.st.stm32cube.ide.mcu.externaltools.gnu-tools-for-stm32.7-2018-q2-update.win32_1.5.0.202011040924/tools/bin/../lib/gcc/arm-none-eabi/7.3.1/../../../../arm-none-eabi/lib/thumb/v7-m\libc_nano.a(lib_a-impure.o)
 .data.impure_data
                0x0000000000000000       0x60 c:/st/stm32cubeide_1.5.0/stm32cubeide/plugins/com.st.stm32cube.ide.mcu.externaltools.gnu-tools-for-stm32.7-2018-q2-update.win32_1.5.0.202011040924/tools/bin/../lib/gcc/arm-none-eabi/7.3.1/../../../../arm-none-eabi/lib/thumb/v7-m\libc_nano.a(lib_a-impure.o)
 .rodata._global_impure_ptr
                0x0000000000000000        0x4 c:/st/stm32cubeide_1.5.0/stm32cubeide/plugins/com.st.stm32cube.ide.mcu.externaltools.gnu-tools-for-stm32.7-2018-q2-update.win32_1.5.0.202011040924/tools/bin/../lib/gcc/arm-none-eabi/7.3.1/../../../../arm-none-eabi/lib/thumb/v7-m\libc_nano.a(lib_a-impure.o)
 .ARM.attributes
                0x0000000000000000       0x2d c:/st/stm32cubeide_1.5.0/stm32cubeide/plugins/com.st.stm32cube.ide.mcu.externaltools.gnu-tools-for-stm32.7-2018-q2-update.win32_1.5.0.202011040924/tools/bin/../lib/gcc/arm-none-eabi/7.3.1/../../../../arm-none-eabi/lib/thumb/v7-m\libc_nano.a(lib_a-impure.o)
 .text          0x0000000000000000        0x0 c:/st/stm32cubeide_1.5.0/stm32cubeide/plugins/com.st.stm32cube.ide.mcu.externaltools.gnu-tools-for-stm32.7-2018-q2-update.win32_1.5.0.202011040924/tools/bin/../lib/gcc/arm-none-eabi/7.3.1/../../../../arm-none-eabi/lib/thumb/v7-m\libc_nano.a(lib_a-init.o)
 .data          0x0000000000000000        0x0 c:/st/stm32cubeide_1.5.0/stm32cubeide/plugins/com.st.stm32cube.ide.mcu.externaltools.gnu-tools-for-stm32.7-2018-q2-update.win32_1.5.0.202011040924/tools/bin/../lib/gcc/arm-none-eabi/7.3.1/../../../../arm-none-eabi/lib/thumb/v7-m\libc_nano.a(lib_a-init.o)
 .bss           0x0000000000000000        0x0 c:/st/stm32cubeide_1.5.0/stm32cubeide/plugins/com.st.stm32cube.ide.mcu.externaltools.gnu-tools-for-stm32.7-2018-q2-update.win32_1.5.0.202011040924/tools/bin/../lib/gcc/arm-none-eabi/7.3.1/../../../../arm-none-eabi/lib/thumb/v7-m\libc_nano.a(lib_a-init.o)
 .text          0x0000000000000000        0x0 c:/st/stm32cubeide_1.5.0/stm32cubeide/plugins/com.st.stm32cube.ide.mcu.externaltools.gnu-tools-for-stm32.7-2018-q2-update.win32_1.5.0.202011040924/tools/bin/../lib/gcc/arm-none-eabi/7.3.1/../../../../arm-none-eabi/lib/thumb/v7-m\libc_nano.a(lib_a-memset.o)
 .data          0x0000000000000000        0x0 c:/st/stm32cubeide_1.5.0/stm32cubeide/plugins/com.st.stm32cube.ide.mcu.externaltools.gnu-tools-for-stm32.7-2018-q2-update.win32_1.5.0.202011040924/tools/bin/../lib/gcc/arm-none-eabi/7.3.1/../../../../arm-none-eabi/lib/thumb/v7-m\libc_nano.a(lib_a-memset.o)
 .bss           0x0000000000000000        0x0 c:/st/stm32cubeide_1.5.0/stm32cubeide/plugins/com.st.stm32cube.ide.mcu.externaltools.gnu-tools-for-stm32.7-2018-q2-update.win32_1.5.0.202011040924/tools/bin/../lib/gcc/arm-none-eabi/7.3.1/../../../../arm-none-eabi/lib/thumb/v7-m\libc_nano.a(lib_a-memset.o)
 .text.memset   0x0000000000000000       0x10 c:/st/stm32cubeide_1.5.0/stm32cubeide/plugins/com.st.stm32cube.ide.mcu.externaltools.gnu-tools-for-stm32.7-2018-q2-update.win32_1.5.0.202011040924/tools/bin/../lib/gcc/arm-none-eabi/7.3.1/../../../../arm-none-eabi/lib/thumb/v7-m\libc_nano.a(lib_a-memset.o)
 .debug_frame   0x0000000000000000       0x20 c:/st/stm32cubeide_1.5.0/stm32cubeide/plugins/com.st.stm32cube.ide.mcu.externaltools.gnu-tools-for-stm32.7-2018-q2-update.win32_1.5.0.202011040924/tools/bin/../lib/gcc/arm-none-eabi/7.3.1/../../../../arm-none-eabi/lib/thumb/v7-m\libc_nano.a(lib_a-memset.o)
 .ARM.attributes
                0x0000000000000000       0x2d c:/st/stm32cubeide_1.5.0/stm32cubeide/plugins/com.st.stm32cube.ide.mcu.externaltools.gnu-tools-for-stm32.7-2018-q2-update.win32_1.5.0.202011040924/tools/bin/../lib/gcc/arm-none-eabi/7.3.1/../../../../arm-none-eabi/lib/thumb/v7-m\libc_nano.a(lib_a-memset.o)
 .data          0x0000000000000000        0x0 c:/st/stm32cubeide_1.5.0/stm32cubeide/plugins/com.st.stm32cube.ide.mcu.externaltools.gnu-tools-for-stm32.7-2018-q2-update.win32_1.5.0.202011040924/tools/bin/../lib/gcc/arm-none-eabi/7.3.1/thumb/v7-m\libgcc.a(_arm_addsubdf3.o)
 .bss           0x0000000000000000        0x0 c:/st/stm32cubeide_1.5.0/stm32cubeide/plugins/com.st.stm32cube.ide.mcu.externaltools.gnu-tools-for-stm32.7-2018-q2-update.win32_1.5.0.202011040924/tools/bin/../lib/gcc/arm-none-eabi/7.3.1/thumb/v7-m\libgcc.a(_arm_addsubdf3.o)
 .data          0x0000000000000000        0x0 c:/st/stm32cubeide_1.5.0/stm32cubeide/plugins/com.st.stm32cube.ide.mcu.externaltools.gnu-tools-for-stm32.7-2018-q2-update.win32_1.5.0.202011040924/tools/bin/../lib/gcc/arm-none-eabi/7.3.1/thumb/v7-m\libgcc.a(_arm_muldivdf3.o)
 .bss           0x0000000000000000        0x0 c:/st/stm32cubeide_1.5.0/stm32cubeide/plugins/com.st.stm32cube.ide.mcu.externaltools.gnu-tools-for-stm32.7-2018-q2-update.win32_1.5.0.202011040924/tools/bin/../lib/gcc/arm-none-eabi/7.3.1/thumb/v7-m\libgcc.a(_arm_muldivdf3.o)
 .data          0x0000000000000000        0x0 c:/st/stm32cubeide_1.5.0/stm32cubeide/plugins/com.st.stm32cube.ide.mcu.externaltools.gnu-tools-for-stm32.7-2018-q2-update.win32_1.5.0.202011040924/tools/bin/../lib/gcc/arm-none-eabi/7.3.1/thumb/v7-m\libgcc.a(_arm_fixunsdfsi.o)
 .bss           0x0000000000000000        0x0 c:/st/stm32cubeide_1.5.0/stm32cubeide/plugins/com.st.stm32cube.ide.mcu.externaltools.gnu-tools-for-stm32.7-2018-q2-update.win32_1.5.0.202011040924/tools/bin/../lib/gcc/arm-none-eabi/7.3.1/thumb/v7-m\libgcc.a(_arm_fixunsdfsi.o)
 .text          0x0000000000000000      0x21c c:/st/stm32cubeide_1.5.0/stm32cubeide/plugins/com.st.stm32cube.ide.mcu.externaltools.gnu-tools-for-stm32.7-2018-q2-update.win32_1.5.0.202011040924/tools/bin/../lib/gcc/arm-none-eabi/7.3.1/thumb/v7-m\libgcc.a(_arm_addsubsf3.o)
 .data          0x0000000000000000        0x0 c:/st/stm32cubeide_1.5.0/stm32cubeide/plugins/com.st.stm32cube.ide.mcu.externaltools.gnu-tools-for-stm32.7-2018-q2-update.win32_1.5.0.202011040924/tools/bin/../lib/gcc/arm-none-eabi/7.3.1/thumb/v7-m\libgcc.a(_arm_addsubsf3.o)
 .bss           0x0000000000000000        0x0 c:/st/stm32cubeide_1.5.0/stm32cubeide/plugins/com.st.stm32cube.ide.mcu.externaltools.gnu-tools-for-stm32.7-2018-q2-update.win32_1.5.0.202011040924/tools/bin/../lib/gcc/arm-none-eabi/7.3.1/thumb/v7-m\libgcc.a(_arm_addsubsf3.o)
 .debug_frame   0x0000000000000000       0x4c c:/st/stm32cubeide_1.5.0/stm32cubeide/plugins/com.st.stm32cube.ide.mcu.externaltools.gnu-tools-for-stm32.7-2018-q2-update.win32_1.5.0.202011040924/tools/bin/../lib/gcc/arm-none-eabi/7.3.1/thumb/v7-m\libgcc.a(_arm_addsubsf3.o)
 .ARM.attributes
                0x0000000000000000       0x1d c:/st/stm32cubeide_1.5.0/stm32cubeide/plugins/com.st.stm32cube.ide.mcu.externaltools.gnu-tools-for-stm32.7-2018-q2-update.win32_1.5.0.202011040924/tools/bin/../lib/gcc/arm-none-eabi/7.3.1/thumb/v7-m\libgcc.a(_arm_addsubsf3.o)
 .text          0x0000000000000000        0x0 c:/st/stm32cubeide_1.5.0/stm32cubeide/plugins/com.st.stm32cube.ide.mcu.externaltools.gnu-tools-for-stm32.7-2018-q2-update.win32_1.5.0.202011040924/tools/bin/../lib/gcc/arm-none-eabi/7.3.1/../../../../arm-none-eabi/lib/thumb/v7-m\libnosys.a(_exit.o)
 .data          0x0000000000000000        0x0 c:/st/stm32cubeide_1.5.0/stm32cubeide/plugins/com.st.stm32cube.ide.mcu.externaltools.gnu-tools-for-stm32.7-2018-q2-update.win32_1.5.0.202011040924/tools/bin/../lib/gcc/arm-none-eabi/7.3.1/../../../../arm-none-eabi/lib/thumb/v7-m\libnosys.a(_exit.o)
 .bss           0x0000000000000000        0x0 c:/st/stm32cubeide_1.5.0/stm32cubeide/plugins/com.st.stm32cube.ide.mcu.externaltools.gnu-tools-for-stm32.7-2018-q2-update.win32_1.5.0.202011040924/tools/bin/../lib/gcc/arm-none-eabi/7.3.1/../../../../arm-none-eabi/lib/thumb/v7-m\libnosys.a(_exit.o)
 .text._exit    0x0000000000000000        0x2 c:/st/stm32cubeide_1.5.0/stm32cubeide/plugins/com.st.stm32cube.ide.mcu.externaltools.gnu-tools-for-stm32.7-2018-q2-update.win32_1.5.0.202011040924/tools/bin/../lib/gcc/arm-none-eabi/7.3.1/../../../../arm-none-eabi/lib/thumb/v7-m\libnosys.a(_exit.o)
 .debug_frame   0x0000000000000000       0x20 c:/st/stm32cubeide_1.5.0/stm32cubeide/plugins/com.st.stm32cube.ide.mcu.externaltools.gnu-tools-for-stm32.7-2018-q2-update.win32_1.5.0.202011040924/tools/bin/../lib/gcc/arm-none-eabi/7.3.1/../../../../arm-none-eabi/lib/thumb/v7-m\libnosys.a(_exit.o)
 .ARM.attributes
                0x0000000000000000       0x2d c:/st/stm32cubeide_1.5.0/stm32cubeide/plugins/com.st.stm32cube.ide.mcu.externaltools.gnu-tools-for-stm32.7-2018-q2-update.win32_1.5.0.202011040924/tools/bin/../lib/gcc/arm-none-eabi/7.3.1/../../../../arm-none-eabi/lib/thumb/v7-m\libnosys.a(_exit.o)
 .text          0x0000000000000000        0x0 c:/st/stm32cubeide_1.5.0/stm32cubeide/plugins/com.st.stm32cube.ide.mcu.externaltools.gnu-tools-for-stm32.7-2018-q2-update.win32_1.5.0.202011040924/tools/bin/../lib/gcc/arm-none-eabi/7.3.1/thumb/v7-m/crtend.o
 .data          0x0000000000000000        0x0 c:/st/stm32cubeide_1.5.0/stm32cubeide/plugins/com.st.stm32cube.ide.mcu.externaltools.gnu-tools-for-stm32.7-2018-q2-update.win32_1.5.0.202011040924/tools/bin/../lib/gcc/arm-none-eabi/7.3.1/thumb/v7-m/crtend.o
 .bss           0x0000000000000000        0x0 c:/st/stm32cubeide_1.5.0/stm32cubeide/plugins/com.st.stm32cube.ide.mcu.externaltools.gnu-tools-for-stm32.7-2018-q2-update.win32_1.5.0.202011040924/tools/bin/../lib/gcc/arm-none-eabi/7.3.1/thumb/v7-m/crtend.o
 .eh_frame      0x0000000000000000        0x4 c:/st/stm32cubeide_1.5.0/stm32cubeide/plugins/com.st.stm32cube.ide.mcu.externaltools.gnu-tools-for-stm32.7-2018-q2-update.win32_1.5.0.202011040924/tools/bin/../lib/gcc/arm-none-eabi/7.3.1/thumb/v7-m/crtend.o
 .ARM.attributes
                0x0000000000000000       0x2d c:/st/stm32cubeide_1.5.0/stm32cubeide/plugins/com.st.stm32cube.ide.mcu.externaltools.gnu-tools-for-stm32.7-2018-q2-update.win32_1.5.0.202011040924/tools/bin/../lib/gcc/arm-none-eabi/7.3.1/thumb/v7-m/crtend.o
 .text          0x0000000000000000        0x0 c:/st/stm32cubeide_1.5.0/stm32cubeide/plugins/com.st.stm32cube.ide.mcu.externaltools.gnu-tools-for-stm32.7-2018-q2-update.win32_1.5.0.202011040924/tools/bin/../lib/gcc/arm-none-eabi/7.3.1/thumb/v7-m/crtn.o
 .data          0x0000000000000000        0x0 c:/st/stm32cubeide_1.5.0/stm32cubeide/plugins/com.st.stm32cube.ide.mcu.externaltools.gnu-tools-for-stm32.7-2018-q2-update.win32_1.5.0.202011040924/tools/bin/../lib/gcc/arm-none-eabi/7.3.1/thumb/v7-m/crtn.o
 .bss           0x0000000000000000        0x0 c:/st/stm32cubeide_1.5.0/stm32cubeide/plugins/com.st.stm32cube.ide.mcu.externaltools.gnu-tools-for-stm32.7-2018-q2-update.win32_1.5.0.202011040924/tools/bin/../lib/gcc/arm-none-eabi/7.3.1/thumb/v7-m/crtn.o

Memory Configuration

Name             Origin             Length             Attributes
RAM              0x0000000020000000 0x0000000000005000 xrw
FLASH            0x0000000008000000 0x0000000000010000 xr
*default*        0x0000000000000000 0xffffffffffffffff

Linker script and memory map

LOAD c:/st/stm32cubeide_1.5.0/stm32cubeide/plugins/com.st.stm32cube.ide.mcu.externaltools.gnu-tools-for-stm32.7-2018-q2-update.win32_1.5.0.202011040924/tools/bin/../lib/gcc/arm-none-eabi/7.3.1/thumb/v7-m/crti.o
LOAD c:/st/stm32cubeide_1.5.0/stm32cubeide/plugins/com.st.stm32cube.ide.mcu.externaltools.gnu-tools-for-stm32.7-2018-q2-update.win32_1.5.0.202011040924/tools/bin/../lib/gcc/arm-none-eabi/7.3.1/thumb/v7-m/crtbegin.o
LOAD c:/st/stm32cubeide_1.5.0/stm32cubeide/plugins/com.st.stm32cube.ide.mcu.externaltools.gnu-tools-for-stm32.7-2018-q2-update.win32_1.5.0.202011040924/tools/bin/../lib/gcc/arm-none-eabi/7.3.1/../../../../arm-none-eabi/lib/thumb/v7-m/crt0.o
LOAD Src/Bluetooth_HC05.o
LOAD Src/DC_MOTOR.o
LOAD Src/DMA.o
LOAD Src/EXTI.o
LOAD Src/GPIO.o
LOAD Src/I2C.o
LOAD Src/IR_Sensor.o
LOAD Src/MPU6050.o
LOAD Src/RotarySwitchEncoder.o
LOAD Src/Timer.o
LOAD Src/UART.o
LOAD Src/Ultrasonic.o
LOAD Src/main.o
LOAD Startup/startup_stm32f103c8tx.o
START GROUP
LOAD c:/st/stm32cubeide_1.5.0/stm32cubeide/plugins/com.st.stm32cube.ide.mcu.externaltools.gnu-tools-for-stm32.7-2018-q2-update.win32_1.5.0.202011040924/tools/bin/../lib/gcc/arm-none-eabi/7.3.1/../../../../arm-none-eabi/lib/thumb/v7-m\libc_nano.a
LOAD c:/st/stm32cubeide_1.5.0/stm32cubeide/plugins/com.st.stm32cube.ide.mcu.externaltools.gnu-tools-for-stm32.7-2018-q2-update.win32_1.5.0.202011040924/tools/bin/../lib/gcc/arm-none-eabi/7.3.1/../../../../arm-none-eabi/lib/thumb/v7-m\libm.a
END GROUP
START GROUP
LOAD c:/st/stm32cubeide_1.5.0/stm32cubeide/plugins/com.st.stm32cube.ide.mcu.externaltools.gnu-tools-for-stm32.7-2018-q2-update.win32_1.5.0.202011040924/tools/bin/../lib/gcc/arm-none-eabi/7.3.1/thumb/v7-m\libgcc.a
LOAD c:/st/stm32cubeide_1.5.0/stm32cubeide/plugins/com.st.stm32cube.ide.mcu.externaltools.gnu-tools-for-stm32.7-2018-q2-update.win32_1.5.0.202011040924/tools/bin/../lib/gcc/arm-none-eabi/7.3.1/../../../../arm-none-eabi/lib/thumb/v7-m\libc_nano.a
END GROUP
START GROUP
LOAD c:/st/stm32cubeide_1.5.0/stm32cubeide/plugins/com.st.stm32cube.ide.mcu.externaltools.gnu-tools-for-stm32.7-2018-q2-update.win32_1.5.0.202011040924/tools/bin/../lib/gcc/arm-none-eabi/7.3.1/thumb/v7-m\libgcc.a
LOAD c:/st/stm32cubeide_1.5.0/stm32cubeide/plugins/com.st.stm32cube.ide.mcu.externaltools.gnu-tools-for-stm32.7-2018-q2-update.win32_1.5.0.202011040924/tools/bin/../lib/gcc/arm-none-eabi/7.3.1/../../../../arm-none-eabi/lib/thumb/v7-m\libc_nano.a
LOAD c:/st/stm32cubeide_1.5.0/stm32cubeide/plugins/com.st.stm32cube.ide.mcu.externaltools.gnu-tools-for-stm32.7-2018-q2-update.win32_1.5.0.202011040924/tools/bin/../lib/gcc/arm-none-eabi/7.3.1/../../../../arm-none-eabi/lib/thumb/v7-m\libnosys.a
END GROUP
START GROUP
LOAD c:/st/stm32cubeide_1.5.0/stm32cubeide/plugins/com.st.stm32cube.ide.mcu.externaltools.gnu-tools-for-stm32.7-2018-q2-update.win32_1.5.0.202011040924/tools/bin/../lib/gcc/arm-none-eabi/7.3.1/thumb/v7-m\libgcc.a
LOAD c:/st/stm32cubeide_1.5.0/stm32cubeide/plugins/com.st.stm32cube.ide.mcu.externaltools.gnu-tools-for-stm32.7-2018-q2-update.win32_1.5.0.202011040924/tools/bin/../lib/gcc/arm-none-eabi/7.3.1/../../../../arm-none-eabi/lib/thumb/v7-m\libc_nano.a
LOAD c:/st/stm32cubeide_1.5.0/stm32cubeide/plugins/com.st.stm32cube.ide.mcu.externaltools.gnu-tools-for-stm32.7-2018-q2-update.win32_1.5.0.202011040924/tools/bin/../lib/gcc/arm-none-eabi/7.3.1/../../../../arm-none-eabi/lib/thumb/v7-m\libnosys.a
END GROUP
LOAD c:/st/stm32cubeide_1.5.0/stm32cubeide/plugins/com.st.stm32cube.ide.mcu.externaltools.gnu-tools-for-stm32.7-2018-q2-update.win32_1.5.0.202011040924/tools/bin/../lib/gcc/arm-none-eabi/7.3.1/thumb/v7-m/crtend.o
LOAD c:/st/stm32cubeide_1.5.0/stm32cubeide/plugins/com.st.stm32cube.ide.mcu.externaltools.gnu-tools-for-stm32.7-2018-q2-update.win32_1.5.0.202011040924/tools/bin/../lib/gcc/arm-none-eabi/7.3.1/thumb/v7-m/crtn.o
                0x0000000020005000                _estack = (ORIGIN (RAM) + LENGTH (RAM))
                0x0000000000000200                _Min_Heap_Size = 0x200
                0x0000000000000400                _Min_Stack_Size = 0x400

.isr_vector     0x0000000008000000      0x130
                0x0000000008000000                . = ALIGN (0x4)
 *(.isr_vector)
 .isr_vector    0x0000000008000000      0x130 Startup/startup_stm32f103c8tx.o
                0x0000000008000000                g_pfnVectors
                0x0000000008000130                . = ALIGN (0x4)

.text           0x0000000008000130     0x4e90
                0x0000000008000130                . = ALIGN (0x4)
 *(.text)
 .text          0x0000000008000130       0x40 c:/st/stm32cubeide_1.5.0/stm32cubeide/plugins/com.st.stm32cube.ide.mcu.externaltools.gnu-tools-for-stm32.7-2018-q2-update.win32_1.5.0.202011040924/tools/bin/../lib/gcc/arm-none-eabi/7.3.1/thumb/v7-m/crtbegin.o
 .text          0x0000000008000170      0x378 c:/st/stm32cubeide_1.5.0/stm32cubeide/plugins/com.st.stm32cube.ide.mcu.externaltools.gnu-tools-for-stm32.7-2018-q2-update.win32_1.5.0.202011040924/tools/bin/../lib/gcc/arm-none-eabi/7.3.1/thumb/v7-m\libgcc.a(_arm_addsubdf3.o)
                0x0000000008000170                __aeabi_drsub
                0x0000000008000178                __aeabi_dsub
                0x0000000008000178                __subdf3
                0x000000000800017c                __aeabi_dadd
                0x000000000800017c                __adddf3
                0x00000000080003f4                __floatunsidf
                0x00000000080003f4                __aeabi_ui2d
                0x0000000008000414                __floatsidf
                0x0000000008000414                __aeabi_i2d
                0x0000000008000438                __aeabi_f2d
                0x0000000008000438                __extendsfdf2
                0x000000000800047c                __floatundidf
                0x000000000800047c                __aeabi_ul2d
                0x000000000800048c                __floatdidf
                0x000000000800048c                __aeabi_l2d
 .text          0x00000000080004e8      0x424 c:/st/stm32cubeide_1.5.0/stm32cubeide/plugins/com.st.stm32cube.ide.mcu.externaltools.gnu-tools-for-stm32.7-2018-q2-update.win32_1.5.0.202011040924/tools/bin/../lib/gcc/arm-none-eabi/7.3.1/thumb/v7-m\libgcc.a(_arm_muldivdf3.o)
                0x00000000080004e8                __aeabi_dmul
                0x00000000080004e8                __muldf3
                0x000000000800073c                __divdf3
                0x000000000800073c                __aeabi_ddiv
 .text          0x000000000800090c       0x40 c:/st/stm32cubeide_1.5.0/stm32cubeide/plugins/com.st.stm32cube.ide.mcu.externaltools.gnu-tools-for-stm32.7-2018-q2-update.win32_1.5.0.202011040924/tools/bin/../lib/gcc/arm-none-eabi/7.3.1/thumb/v7-m\libgcc.a(_arm_fixunsdfsi.o)
                0x000000000800090c                __aeabi_d2uiz
                0x000000000800090c                __fixunsdfsi
 *(.text*)
 .text.Bluetooth_Init
                0x000000000800094c       0x22 Src/Bluetooth_HC05.o
                0x000000000800094c                Bluetooth_Init
 .text.Bluetooth_Read
                0x000000000800096e       0x10 Src/Bluetooth_HC05.o
                0x000000000800096e                Bluetooth_Read
 .text.Car_Init
                0x000000000800097e       0x5e Src/DC_MOTOR.o
                0x000000000800097e                Car_Init
 .text.Car_Drive
                0x00000000080009dc      0x128 Src/DC_MOTOR.o
                0x00000000080009dc                Car_Drive
 .text.DMA1_Channel1_IRQHandler
                0x0000000008000b04       0x24 Src/DMA.o
                0x0000000008000b04                DMA1_Channel1_IRQHandler
 .text.DMA1_Channel2_IRQHandler
                0x0000000008000b28       0x24 Src/DMA.o
                0x0000000008000b28                DMA1_Channel2_IRQHandler
 .text.DMA1_Channel3_IRQHandler
                0x0000000008000b4c       0x24 Src/DMA.o
                0x0000000008000b4c                DMA1_Channel3_IRQHandler
 .text.DMA1_Channel4_IRQHandler
                0x0000000008000b70       0x24 Src/DMA.o
                0x0000000008000b70                DMA1_Channel4_IRQHandler
 .text.DMA1_Channel5_IRQHandler
                0x0000000008000b94       0x24 Src/DMA.o
                0x0000000008000b94                DMA1_Channel5_IRQHandler
 .text.DMA1_Channel6_IRQHandler
                0x0000000008000bb8       0x24 Src/DMA.o
                0x0000000008000bb8                DMA1_Channel6_IRQHandler
 .text.DMA1_Channel7_IRQHandler
                0x0000000008000bdc       0x24 Src/DMA.o
                0x0000000008000bdc                DMA1_Channel7_IRQHandler
 .text.EXTI0_IRQHandler
                0x0000000008000c00       0x24 Src/EXTI.o
                0x0000000008000c00                EXTI0_IRQHandler
 .text.EXTI1_IRQHandler
                0x0000000008000c24       0x24 Src/EXTI.o
                0x0000000008000c24                EXTI1_IRQHandler
 .text.EXTI2_IRQHandler
                0x0000000008000c48       0x24 Src/EXTI.o
                0x0000000008000c48                EXTI2_IRQHandler
 .text.EXTI3_IRQHandler
                0x0000000008000c6c       0x24 Src/EXTI.o
                0x0000000008000c6c                EXTI3_IRQHandler
 .text.EXTI4_IRQHandler
                0x0000000008000c90       0x24 Src/EXTI.o
                0x0000000008000c90                EXTI4_IRQHandler
 .text.EXTI9_5_IRQHandler
                0x0000000008000cb4       0x98 Src/EXTI.o
                0x0000000008000cb4                EXTI9_5_IRQHandler
 .text.EXTI15_10_IRQHandler
                0x0000000008000d4c       0xb4 Src/EXTI.o
                0x0000000008000d4c                EXTI15_10_IRQHandler
 .text.GPIO_Init
                0x0000000008000e00       0xb8 Src/GPIO.o
                0x0000000008000e00                GPIO_Init
 .text.GPIO_PinDirection
                0x0000000008000eb8     0x1740 Src/GPIO.o
                0x0000000008000eb8                GPIO_PinDirection
 .text.GPIO_PinWrite
                0x00000000080025f8      0x14c Src/GPIO.o
                0x00000000080025f8                GPIO_PinWrite
 .text.I2C1_EV_IRQHandler
                0x0000000008002744       0x2c Src/I2C.o
                0x0000000008002744                I2C1_EV_IRQHandler
 .text.I2C2_EV_IRQHandler
                0x0000000008002770       0x2c Src/I2C.o
                0x0000000008002770                I2C2_EV_IRQHandler
 .text.IR_Sensor_Init
                0x000000000800279c       0x46 Src/IR_Sensor.o
                0x000000000800279c                IR_Sensor_Init
 *fill*         0x00000000080027e2        0x2 
 .text.Timer_Init
                0x00000000080027e4      0x320 Src/Timer.o
                0x00000000080027e4                Timer_Init
 .text.Timer_Status
                0x0000000008002b04       0x7c Src/Timer.o
                0x0000000008002b04                Timer_Status
 .text.Timer_Enable
                0x0000000008002b80       0x7c Src/Timer.o
                0x0000000008002b80                Timer_Enable
 .text.Timer_SetISR
                0x0000000008002bfc       0x64 Src/Timer.o
                0x0000000008002bfc                Timer_SetISR
 .text.Timer_PWMDutyCycle
                0x0000000008002c60      0x188 Src/Timer.o
                0x0000000008002c60                Timer_PWMDutyCycle
 .text.Timer_ActivatePWM
                0x0000000008002de8      0x8a4 Src/Timer.o
                0x0000000008002de8                Timer_ActivatePWM
 .text.Timer_ActivateICU
                0x000000000800368c      0x694 Src/Timer.o
                0x000000000800368c                Timer_ActivateICU
 .text.Timer_ActivateICUInterrupt
                0x0000000008003d20      0x140 Src/Timer.o
                0x0000000008003d20                Timer_ActivateICUInterrupt
 .text.Timer_GetICU_Value
                0x0000000008003e60      0x118 Src/Timer.o
                0x0000000008003e60                Timer_GetICU_Value
 .text.TIM2_IRQHandler
                0x0000000008003f78       0x98 Src/Timer.o
                0x0000000008003f78                TIM2_IRQHandler
 .text.TIM3_IRQHandler
                0x0000000008004010       0x98 Src/Timer.o
                0x0000000008004010                TIM3_IRQHandler
 .text.TIM4_IRQHandler
                0x00000000080040a8       0x98 Src/Timer.o
                0x00000000080040a8                TIM4_IRQHandler
 .text.UART_Init
                0x0000000008004140      0x184 Src/UART.o
                0x0000000008004140                UART_Init
 .text.UART_Recieve
                0x00000000080042c4       0x88 Src/UART.o
                0x00000000080042c4                UART_Recieve
 .text.UART_Direction
                0x000000000800434c       0xfc Src/UART.o
                0x000000000800434c                UART_Direction
 .text.UART_Enable
                0x0000000008004448       0x5c Src/UART.o
                0x0000000008004448                UART_Enable
 .text.UART_ActivateInterrupt
                0x00000000080044a4       0x80 Src/UART.o
                0x00000000080044a4                UART_ActivateInterrupt
 .text.USART1_IRQHandler
                0x0000000008004524       0x5c Src/UART.o
                0x0000000008004524                USART1_IRQHandler
 .text.USART2_IRQHandler
                0x0000000008004580       0x5c Src/UART.o
                0x0000000008004580                USART2_IRQHandler
 .text.USART3_IRQHandler
                0x00000000080045dc       0x5c Src/UART.o
                0x00000000080045dc                USART3_IRQHandler
 .text.Ultrasonic_Init
                0x0000000008004638      0x178 Src/Ultrasonic.o
                0x0000000008004638                Ultrasonic_Init
 .text.Ultrasonic_Start
                0x00000000080047b0      0x13c Src/Ultrasonic.o
                0x00000000080047b0                Ultrasonic_Start
 *fill*         0x00000000080048ec        0x4 
 .text.Ultrasonic_Time
                0x00000000080048f0       0xe8 Src/Ultrasonic.o
                0x00000000080048f0                Ultrasonic_Time
 .text.Ultrasonic
                0x00000000080049d8      0x168 Src/Ultrasonic.o
                0x00000000080049d8                Ultrasonic
 .text.main     0x0000000008004b40       0x48 Src/main.o
                0x0000000008004b40                main
 .text.ACC      0x0000000008004b88      0x340 Src/main.o
                0x0000000008004b88                ACC
 .text.Car_Velocity
                0x0000000008004ec8       0x44 Src/main.o
                0x0000000008004ec8                Car_Velocity
 .text.Reset_Handler
                0x0000000008004f0c       0x50 Startup/startup_stm32f103c8tx.o
                0x0000000008004f0c                Reset_Handler
 .text.Default_Handler
                0x0000000008004f5c        0x2 Startup/startup_stm32f103c8tx.o
                0x0000000008004f5c                TIM8_TRG_COM_IRQHandler
                0x0000000008004f5c                TIM8_CC_IRQHandler
                0x0000000008004f5c                DebugMon_Handler
                0x0000000008004f5c                TIM1_CC_IRQHandler
                0x0000000008004f5c                HardFault_Handler
                0x0000000008004f5c                TIM6_IRQHandler
                0x0000000008004f5c                SysTick_Handler
                0x0000000008004f5c                PVD_IRQHandler
                0x0000000008004f5c                SDIO_IRQHandler
                0x0000000008004f5c                PendSV_Handler
                0x0000000008004f5c                NMI_Handler
                0x0000000008004f5c                USB_HP_CAN_TX_IRQHandler
                0x0000000008004f5c                UsageFault_Handler
                0x0000000008004f5c                ADC1_2_IRQHandler
                0x0000000008004f5c                SPI1_IRQHandler
                0x0000000008004f5c                CAN_SCE_IRQHandler
                0x0000000008004f5c                TAMPER_IRQHandler
                0x0000000008004f5c                TIM8_UP_IRQHandler
                0x0000000008004f5c                DMA2_Channel2_IRQHandler
                0x0000000008004f5c                RTC_IRQHandler
                0x0000000008004f5c                UART5_IRQHandler
                0x0000000008004f5c                ADC3_IRQHandler
                0x0000000008004f5c                CAN_RX1_IRQHandler
                0x0000000008004f5c                DMA2_Channel1_IRQHandler
                0x0000000008004f5c                UART4_IRQHandler
                0x0000000008004f5c                RCC_IRQHandler
                0x0000000008004f5c                TIM1_TRG_COM_IRQHandler
                0x0000000008004f5c                Default_Handler
                0x0000000008004f5c                TIM7_IRQHandler
                0x0000000008004f5c                TIM5_IRQHandler
                0x0000000008004f5c                SPI2_IRQHandler
                0x0000000008004f5c                USB_LP_CAN_RX0_IRQHandler
                0x0000000008004f5c                MemManage_Handler
                0x0000000008004f5c                SVC_Handler
                0x0000000008004f5c                FSMC_IRQHandler
                0x0000000008004f5c                TIM1_UP_IRQHandler
                0x0000000008004f5c                WWDG_IRQHandler
                0x0000000008004f5c                TIM1_BRK_IRQHandler
                0x0000000008004f5c                RTCAlarm_IRQHandler
                0x0000000008004f5c                DMA2_Channel4_5_IRQHandler
                0x0000000008004f5c                I2C2_ER_IRQHandler
                0x0000000008004f5c                TIM8_BRK_IRQHandler
                0x0000000008004f5c                FLASH_IRQHandler
                0x0000000008004f5c                BusFault_Handler
                0x0000000008004f5c                SPI3_IRQHandler
                0x0000000008004f5c                I2C1_ER_IRQHandler
                0x0000000008004f5c                DMA2_Channel3_IRQHandler
 *fill*         0x0000000008004f5e        0x2 
 .text.__libc_init_array
                0x0000000008004f60       0x48 c:/st/stm32cubeide_1.5.0/stm32cubeide/plugins/com.st.stm32cube.ide.mcu.externaltools.gnu-tools-for-stm32.7-2018-q2-update.win32_1.5.0.202011040924/tools/bin/../lib/gcc/arm-none-eabi/7.3.1/../../../../arm-none-eabi/lib/thumb/v7-m\libc_nano.a(lib_a-init.o)
                0x0000000008004f60                __libc_init_array
 *(.glue_7)
 .glue_7        0x0000000008004fa8        0x0 linker stubs
 *(.glue_7t)
 .glue_7t       0x0000000008004fa8        0x0 linker stubs
 *(.eh_frame)
 .eh_frame      0x0000000008004fa8        0x0 c:/st/stm32cubeide_1.5.0/stm32cubeide/plugins/com.st.stm32cube.ide.mcu.externaltools.gnu-tools-for-stm32.7-2018-q2-update.win32_1.5.0.202011040924/tools/bin/../lib/gcc/arm-none-eabi/7.3.1/thumb/v7-m/crtbegin.o
 *(.init)
 .init          0x0000000008004fa8        0x4 c:/st/stm32cubeide_1.5.0/stm32cubeide/plugins/com.st.stm32cube.ide.mcu.externaltools.gnu-tools-for-stm32.7-2018-q2-update.win32_1.5.0.202011040924/tools/bin/../lib/gcc/arm-none-eabi/7.3.1/thumb/v7-m/crti.o
                0x0000000008004fa8                _init
 .init          0x0000000008004fac        0x8 c:/st/stm32cubeide_1.5.0/stm32cubeide/plugins/com.st.stm32cube.ide.mcu.externaltools.gnu-tools-for-stm32.7-2018-q2-update.win32_1.5.0.202011040924/tools/bin/../lib/gcc/arm-none-eabi/7.3.1/thumb/v7-m/crtn.o
 *(.fini)
 .fini          0x0000000008004fb4        0x4 c:/st/stm32cubeide_1.5.0/stm32cubeide/plugins/com.st.stm32cube.ide.mcu.externaltools.gnu-tools-for-stm32.7-2018-q2-update.win32_1.5.0.202011040924/tools/bin/../lib/gcc/arm-none-eabi/7.3.1/thumb/v7-m/crti.o
                0x0000000008004fb4                _fini
 .fini          0x0000000008004fb8        0x8 c:/st/stm32cubeide_1.5.0/stm32cubeide/plugins/com.st.stm32cube.ide.mcu.externaltools.gnu-tools-for-stm32.7-2018-q2-update.win32_1.5.0.202011040924/tools/bin/../lib/gcc/arm-none-eabi/7.3.1/thumb/v7-m/crtn.o
                0x0000000008004fc0                . = ALIGN (0x4)
                0x0000000008004fc0                _etext = .

.vfp11_veneer   0x0000000008004fc0        0x0
 .vfp11_veneer  0x0000000008004fc0        0x0 linker stubs

.v4_bx          0x0000000008004fc0        0x0
 .v4_bx         0x0000000008004fc0        0x0 linker stubs

.iplt           0x0000000008004fc0        0x0
 .iplt          0x0000000008004fc0        0x0 c:/st/stm32cubeide_1.5.0/stm32cubeide/plugins/com.st.stm32cube.ide.mcu.externaltools.gnu-tools-for-stm32.7-2018-q2-update.win32_1.5.0.202011040924/tools/bin/../lib/gcc/arm-none-eabi/7.3.1/thumb/v7-m/crtbegin.o

.rel.dyn        0x0000000008004fc0        0x0
 .rel.iplt      0x0000000008004fc0        0x0 c:/st/stm32cubeide_1.5.0/stm32cubeide/plugins/com.st.stm32cube.ide.mcu.externaltools.gnu-tools-for-stm32.7-2018-q2-update.win32_1.5.0.202011040924/tools/bin/../lib/gcc/arm-none-eabi/7.3.1/thumb/v7-m/crtbegin.o

.rodata         0x0000000008004fc0        0x0
                0x0000000008004fc0                . = ALIGN (0x4)
 *(.rodata)
 *(.rodata*)
                0x0000000008004fc0                . = ALIGN (0x4)

.ARM.extab      0x0000000008004fc0        0x0
                0x0000000008004fc0                . = ALIGN (0x4)
 *(.ARM.extab* .gnu.linkonce.armextab.*)
                0x0000000008004fc0                . = ALIGN (0x4)

.ARM            0x0000000008004fc0        0x0
                0x0000000008004fc0                . = ALIGN (0x4)
                0x0000000008004fc0                __exidx_start = .
 *(.ARM.exidx*)
                0x0000000008004fc0                __exidx_end = .
                0x0000000008004fc0                . = ALIGN (0x4)

.preinit_array  0x0000000008004fc0        0x0
                0x0000000008004fc0                . = ALIGN (0x4)
                0x0000000008004fc0                PROVIDE (__preinit_array_start = .)
 *(.preinit_array*)
                0x0000000008004fc0                PROVIDE (__preinit_array_end = .)
                0x0000000008004fc0                . = ALIGN (0x4)

.init_array     0x0000000008004fc0        0x4
                0x0000000008004fc0                . = ALIGN (0x4)
                0x0000000008004fc0                PROVIDE (__init_array_start = .)
 *(SORT_BY_NAME(.init_array.*))
 *(.init_array*)
 .init_array    0x0000000008004fc0        0x4 c:/st/stm32cubeide_1.5.0/stm32cubeide/plugins/com.st.stm32cube.ide.mcu.externaltools.gnu-tools-for-stm32.7-2018-q2-update.win32_1.5.0.202011040924/tools/bin/../lib/gcc/arm-none-eabi/7.3.1/thumb/v7-m/crtbegin.o
                0x0000000008004fc4                PROVIDE (__init_array_end = .)
                0x0000000008004fc4                . = ALIGN (0x4)

.fini_array     0x0000000008004fc4        0x4
                0x0000000008004fc4                . = ALIGN (0x4)
                [!provide]                        PROVIDE (__fini_array_start = .)
 *(SORT_BY_NAME(.fini_array.*))
 *(.fini_array*)
 .fini_array    0x0000000008004fc4        0x4 c:/st/stm32cubeide_1.5.0/stm32cubeide/plugins/com.st.stm32cube.ide.mcu.externaltools.gnu-tools-for-stm32.7-2018-q2-update.win32_1.5.0.202011040924/tools/bin/../lib/gcc/arm-none-eabi/7.3.1/thumb/v7-m/crtbegin.o
                [!provide]                        PROVIDE (__fini_array_end = .)
                0x0000000008004fc8                . = ALIGN (0x4)
                0x0000000008004fc8                _sidata = LOADADDR (.data)

.data           0x0000000020000000        0xc load address 0x0000000008004fc8
                0x0000000020000000                . = ALIGN (0x4)
                0x0000000020000000                _sdata = .
 *(.data)
 *(.data*)
 .data.Ultrasonic1_Finish
                0x0000000020000000        0x2 Src/Ultrasonic.o
                0x0000000020000000                Ultrasonic1_Finish
 .data.Ultrasonic2_Finish
                0x0000000020000002        0x2 Src/Ultrasonic.o
                0x0000000020000002                Ultrasonic2_Finish
 .data.Ultrasonic3_Finish
                0x0000000020000004        0x2 Src/Ultrasonic.o
                0x0000000020000004                Ultrasonic3_Finish
 .data.Ultrasonic4_Finish
                0x0000000020000006        0x2 Src/Ultrasonic.o
                0x0000000020000006                Ultrasonic4_Finish
 .data.speed_limit
                0x0000000020000008        0x1 Src/main.o
                0x0000000020000008                speed_limit
 .data.seperation_gap
                0x0000000020000009        0x1 Src/main.o
                0x0000000020000009                seperation_gap
 *(.RamFunc)
 *(.RamFunc*)
                0x000000002000000c                . = ALIGN (0x4)
 *fill*         0x000000002000000a        0x2 
                0x000000002000000c                _edata = .

.igot.plt       0x000000002000000c        0x0 load address 0x0000000008004fd4
 .igot.plt      0x000000002000000c        0x0 c:/st/stm32cubeide_1.5.0/stm32cubeide/plugins/com.st.stm32cube.ide.mcu.externaltools.gnu-tools-for-stm32.7-2018-q2-update.win32_1.5.0.202011040924/tools/bin/../lib/gcc/arm-none-eabi/7.3.1/thumb/v7-m/crtbegin.o
                0x000000002000000c                . = ALIGN (0x4)

.bss            0x000000002000000c       0x8c load address 0x0000000008004fd4
                0x000000002000000c                _sbss = .
                0x000000002000000c                __bss_start__ = _sbss
 *(.bss)
 .bss           0x000000002000000c       0x1c c:/st/stm32cubeide_1.5.0/stm32cubeide/plugins/com.st.stm32cube.ide.mcu.externaltools.gnu-tools-for-stm32.7-2018-q2-update.win32_1.5.0.202011040924/tools/bin/../lib/gcc/arm-none-eabi/7.3.1/thumb/v7-m/crtbegin.o
 *(.bss*)
 .bss.DMA_CH1_ISR
                0x0000000020000028        0x4 Src/DMA.o
                0x0000000020000028                DMA_CH1_ISR
 .bss.DMA_CH2_ISR
                0x000000002000002c        0x4 Src/DMA.o
                0x000000002000002c                DMA_CH2_ISR
 .bss.DMA_CH3_ISR
                0x0000000020000030        0x4 Src/DMA.o
                0x0000000020000030                DMA_CH3_ISR
 .bss.DMA_CH4_ISR
                0x0000000020000034        0x4 Src/DMA.o
                0x0000000020000034                DMA_CH4_ISR
 .bss.DMA_CH5_ISR
                0x0000000020000038        0x4 Src/DMA.o
                0x0000000020000038                DMA_CH5_ISR
 .bss.DMA_CH6_ISR
                0x000000002000003c        0x4 Src/DMA.o
                0x000000002000003c                DMA_CH6_ISR
 .bss.DMA_CH7_ISR
                0x0000000020000040        0x4 Src/DMA.o
                0x0000000020000040                DMA_CH7_ISR
 .bss.EXTI0_PTR
                0x0000000020000044        0x4 Src/EXTI.o
                0x0000000020000044                EXTI0_PTR
 .bss.EXTI1_PTR
                0x0000000020000048        0x4 Src/EXTI.o
                0x0000000020000048                EXTI1_PTR
 .bss.EXTI2_PTR
                0x000000002000004c        0x4 Src/EXTI.o
                0x000000002000004c                EXTI2_PTR
 .bss.EXTI3_PTR
                0x0000000020000050        0x4 Src/EXTI.o
                0x0000000020000050                EXTI3_PTR
 .bss.EXTI4_PTR
                0x0000000020000054        0x4 Src/EXTI.o
                0x0000000020000054                EXTI4_PTR
 .bss.EXTI5_PTR
                0x0000000020000058        0x4 Src/EXTI.o
                0x0000000020000058                EXTI5_PTR
 .bss.EXTI10_PTR
                0x000000002000005c        0x4 Src/EXTI.o
                0x000000002000005c                EXTI10_PTR
 .bss.I2C_Tx1   0x0000000020000060        0x4 Src/I2C.o
                0x0000000020000060                I2C_Tx1
 .bss.I2C_Rx1   0x0000000020000064        0x4 Src/I2C.o
                0x0000000020000064                I2C_Rx1
 .bss.I2C_Tx2   0x0000000020000068        0x4 Src/I2C.o
                0x0000000020000068                I2C_Tx2
 .bss.I2C_Rx2   0x000000002000006c        0x4 Src/I2C.o
                0x000000002000006c                I2C_Rx2
 .bss.TIMER1_ISR
                0x0000000020000070        0x4 Src/Timer.o
                0x0000000020000070                TIMER1_ISR
 .bss.TIMER2_ISR
                0x0000000020000074        0x4 Src/Timer.o
                0x0000000020000074                TIMER2_ISR
 .bss.TIMER3_ISR
                0x0000000020000078        0x4 Src/Timer.o
                0x0000000020000078                TIMER3_ISR
 .bss.TIMER4_ISR
                0x000000002000007c        0x4 Src/Timer.o
                0x000000002000007c                TIMER4_ISR
 .bss.Tx1_FLAG  0x0000000020000080        0x1 Src/UART.o
                0x0000000020000080                Tx1_FLAG
 .bss.Tx2_FLAG  0x0000000020000081        0x1 Src/UART.o
                0x0000000020000081                Tx2_FLAG
 .bss.Tx3_FLAG  0x0000000020000082        0x1 Src/UART.o
                0x0000000020000082                Tx3_FLAG
 .bss.Rx1_FLAG  0x0000000020000083        0x1 Src/UART.o
                0x0000000020000083                Rx1_FLAG
 .bss.Rx2_FLAG  0x0000000020000084        0x1 Src/UART.o
                0x0000000020000084                Rx2_FLAG
 .bss.Rx3_FLAG  0x0000000020000085        0x1 Src/UART.o
                0x0000000020000085                Rx3_FLAG
 .bss.Ultrasonic1_Reading
                0x0000000020000086        0x2 Src/Ultrasonic.o
                0x0000000020000086                Ultrasonic1_Reading
 .bss.Ultrasonic2_Reading
                0x0000000020000088        0x2 Src/Ultrasonic.o
                0x0000000020000088                Ultrasonic2_Reading
 .bss.Ultrasonic3_Reading
                0x000000002000008a        0x2 Src/Ultrasonic.o
                0x000000002000008a                Ultrasonic3_Reading
 .bss.Ultrasonic4_Reading
                0x000000002000008c        0x2 Src/Ultrasonic.o
                0x000000002000008c                Ultrasonic4_Reading
 .bss.ACC_STATE
                0x000000002000008e        0x1 Src/main.o
                0x000000002000008e                ACC_STATE
 .bss.data      0x000000002000008f        0x1 Src/main.o
                0x000000002000008f                data
 .bss.current_speed
                0x0000000020000090        0x1 Src/main.o
                0x0000000020000090                current_speed
 *fill*         0x0000000020000091        0x1 
 .bss.distance  0x0000000020000092        0x2 Src/main.o
                0x0000000020000092                distance
 .bss.dutycycle
                0x0000000020000094        0x2 Src/main.o
                0x0000000020000094                dutycycle
 *(COMMON)
 COMMON         0x0000000020000096        0x2 Src/I2C.o
                0x0000000020000096                flag2
                0x0000000020000097                flag1
                0x0000000020000098                . = ALIGN (0x4)
                0x0000000020000098                _ebss = .
                0x0000000020000098                __bss_end__ = _ebss

._user_heap_stack
                0x0000000020000098      0x600 load address 0x0000000008004fd4
                0x0000000020000098                . = ALIGN (0x8)
                [!provide]                        PROVIDE (end = .)
                [!provide]                        PROVIDE (_end = .)
                0x0000000020000298                . = (. + _Min_Heap_Size)
 *fill*         0x0000000020000098      0x200 
                0x0000000020000698                . = (. + _Min_Stack_Size)
 *fill*         0x0000000020000298      0x400 
                0x0000000020000698                . = ALIGN (0x8)

/DISCARD/
 libc.a(*)
 libm.a(*)
 libgcc.a(*)

.ARM.attributes
                0x0000000000000000       0x29
 *(.ARM.attributes)
 .ARM.attributes
                0x0000000000000000       0x1d c:/st/stm32cubeide_1.5.0/stm32cubeide/plugins/com.st.stm32cube.ide.mcu.externaltools.gnu-tools-for-stm32.7-2018-q2-update.win32_1.5.0.202011040924/tools/bin/../lib/gcc/arm-none-eabi/7.3.1/thumb/v7-m/crti.o
 .ARM.attributes
                0x000000000000001d       0x2d c:/st/stm32cubeide_1.5.0/stm32cubeide/plugins/com.st.stm32cube.ide.mcu.externaltools.gnu-tools-for-stm32.7-2018-q2-update.win32_1.5.0.202011040924/tools/bin/../lib/gcc/arm-none-eabi/7.3.1/thumb/v7-m/crtbegin.o
 .ARM.attributes
                0x000000000000004a       0x33 Src/Bluetooth_HC05.o
 .ARM.attributes
                0x000000000000007d       0x33 Src/DC_MOTOR.o
 .ARM.attributes
                0x00000000000000b0       0x33 Src/DMA.o
 .ARM.attributes
                0x00000000000000e3       0x33 Src/EXTI.o
 .ARM.attributes
                0x0000000000000116       0x33 Src/GPIO.o
 .ARM.attributes
                0x0000000000000149       0x33 Src/I2C.o
 .ARM.attributes
                0x000000000000017c       0x33 Src/IR_Sensor.o
 .ARM.attributes
                0x00000000000001af       0x33 Src/Timer.o
 .ARM.attributes
                0x00000000000001e2       0x33 Src/UART.o
 .ARM.attributes
                0x0000000000000215       0x33 Src/Ultrasonic.o
 .ARM.attributes
                0x0000000000000248       0x33 Src/main.o
 .ARM.attributes
                0x000000000000027b       0x21 Startup/startup_stm32f103c8tx.o
 .ARM.attributes
                0x000000000000029c       0x2d c:/st/stm32cubeide_1.5.0/stm32cubeide/plugins/com.st.stm32cube.ide.mcu.externaltools.gnu-tools-for-stm32.7-2018-q2-update.win32_1.5.0.202011040924/tools/bin/../lib/gcc/arm-none-eabi/7.3.1/../../../../arm-none-eabi/lib/thumb/v7-m\libc_nano.a(lib_a-init.o)
 .ARM.attributes
                0x00000000000002c9       0x1d c:/st/stm32cubeide_1.5.0/stm32cubeide/plugins/com.st.stm32cube.ide.mcu.externaltools.gnu-tools-for-stm32.7-2018-q2-update.win32_1.5.0.202011040924/tools/bin/../lib/gcc/arm-none-eabi/7.3.1/thumb/v7-m\libgcc.a(_arm_addsubdf3.o)
 .ARM.attributes
                0x00000000000002e6       0x1d c:/st/stm32cubeide_1.5.0/stm32cubeide/plugins/com.st.stm32cube.ide.mcu.externaltools.gnu-tools-for-stm32.7-2018-q2-update.win32_1.5.0.202011040924/tools/bin/../lib/gcc/arm-none-eabi/7.3.1/thumb/v7-m\libgcc.a(_arm_muldivdf3.o)
 .ARM.attributes
                0x0000000000000303       0x1d c:/st/stm32cubeide_1.5.0/stm32cubeide/plugins/com.st.stm32cube.ide.mcu.externaltools.gnu-tools-for-stm32.7-2018-q2-update.win32_1.5.0.202011040924/tools/bin/../lib/gcc/arm-none-eabi/7.3.1/thumb/v7-m\libgcc.a(_arm_fixunsdfsi.o)
 .ARM.attributes
                0x0000000000000320       0x1d c:/st/stm32cubeide_1.5.0/stm32cubeide/plugins/com.st.stm32cube.ide.mcu.externaltools.gnu-tools-for-stm32.7-2018-q2-update.win32_1.5.0.202011040924/tools/bin/../lib/gcc/arm-none-eabi/7.3.1/thumb/v7-m/crtn.o
OUTPUT(Graduation_Project.elf elf32-littlearm)

.debug_info     0x0000000000000000     0x2238
 .debug_info    0x0000000000000000       0xb9 Src/Bluetooth_HC05.o
 .debug_info    0x00000000000000b9      0x12a Src/DC_MOTOR.o
 .debug_info    0x00000000000001e3      0x52d Src/DMA.o
 .debug_info    0x0000000000000710      0x374 Src/EXTI.o
 .debug_info    0x0000000000000a84      0x2bf Src/GPIO.o
 .debug_info    0x0000000000000d43      0x416 Src/I2C.o
 .debug_info    0x0000000000001159      0x1af Src/IR_Sensor.o
 .debug_info    0x0000000000001308      0x62b Src/Timer.o
 .debug_info    0x0000000000001933      0x325 Src/UART.o
 .debug_info    0x0000000000001c58      0x36a Src/Ultrasonic.o
 .debug_info    0x0000000000001fc2      0x254 Src/main.o
 .debug_info    0x0000000000002216       0x22 Startup/startup_stm32f103c8tx.o

.debug_abbrev   0x0000000000000000      0xa54
 .debug_abbrev  0x0000000000000000       0xa0 Src/Bluetooth_HC05.o
 .debug_abbrev  0x00000000000000a0       0x93 Src/DC_MOTOR.o
 .debug_abbrev  0x0000000000000133      0x158 Src/DMA.o
 .debug_abbrev  0x000000000000028b       0xe1 Src/EXTI.o
 .debug_abbrev  0x000000000000036c       0xfa Src/GPIO.o
 .debug_abbrev  0x0000000000000466      0x126 Src/I2C.o
 .debug_abbrev  0x000000000000058c       0x8c Src/IR_Sensor.o
 .debug_abbrev  0x0000000000000618      0x14d Src/Timer.o
 .debug_abbrev  0x0000000000000765       0xd8 Src/UART.o
 .debug_abbrev  0x000000000000083d       0xe5 Src/Ultrasonic.o
 .debug_abbrev  0x0000000000000922      0x120 Src/main.o
 .debug_abbrev  0x0000000000000a42       0x12 Startup/startup_stm32f103c8tx.o

.debug_aranges  0x0000000000000000      0x4b0
 .debug_aranges
                0x0000000000000000       0x30 Src/Bluetooth_HC05.o
 .debug_aranges
                0x0000000000000030       0x28 Src/DC_MOTOR.o
 .debug_aranges
                0x0000000000000058       0xc8 Src/DMA.o
 .debug_aranges
                0x0000000000000120       0x78 Src/EXTI.o
 .debug_aranges
                0x0000000000000198       0x48 Src/GPIO.o
 .debug_aranges
                0x00000000000001e0       0xc0 Src/I2C.o
 .debug_aranges
                0x00000000000002a0       0x28 Src/IR_Sensor.o
 .debug_aranges
                0x00000000000002c8       0xd8 Src/Timer.o
 .debug_aranges
                0x00000000000003a0       0x68 Src/UART.o
 .debug_aranges
                0x0000000000000408       0x38 Src/Ultrasonic.o
 .debug_aranges
                0x0000000000000440       0x48 Src/main.o
 .debug_aranges
                0x0000000000000488       0x28 Startup/startup_stm32f103c8tx.o

.debug_ranges   0x0000000000000000      0x3f8
 .debug_ranges  0x0000000000000000       0x20 Src/Bluetooth_HC05.o
 .debug_ranges  0x0000000000000020       0x18 Src/DC_MOTOR.o
 .debug_ranges  0x0000000000000038       0xb8 Src/DMA.o
 .debug_ranges  0x00000000000000f0       0x68 Src/EXTI.o
 .debug_ranges  0x0000000000000158       0x38 Src/GPIO.o
 .debug_ranges  0x0000000000000190       0xb0 Src/I2C.o
 .debug_ranges  0x0000000000000240       0x18 Src/IR_Sensor.o
 .debug_ranges  0x0000000000000258       0xc8 Src/Timer.o
 .debug_ranges  0x0000000000000320       0x58 Src/UART.o
 .debug_ranges  0x0000000000000378       0x28 Src/Ultrasonic.o
 .debug_ranges  0x00000000000003a0       0x38 Src/main.o
 .debug_ranges  0x00000000000003d8       0x20 Startup/startup_stm32f103c8tx.o

.debug_macro    0x0000000000000000     0x182a
 .debug_macro   0x0000000000000000       0x35 Src/Bluetooth_HC05.o
 .debug_macro   0x0000000000000035      0xa60 Src/Bluetooth_HC05.o
 .debug_macro   0x0000000000000a95       0x55 Src/DC_MOTOR.o
 .debug_macro   0x0000000000000aea       0x2d Src/DMA.o
 .debug_macro   0x0000000000000b17      0xaa3 Src/DMA.o
 .debug_macro   0x00000000000015ba       0x28 Src/DMA.o
 .debug_macro   0x00000000000015e2       0x37 Src/EXTI.o
 .debug_macro   0x0000000000001619       0x2d Src/GPIO.o
 .debug_macro   0x0000000000001646       0x2d Src/I2C.o
 .debug_macro   0x0000000000001673       0x4b Src/IR_Sensor.o
 .debug_macro   0x00000000000016be       0x37 Src/Timer.o
 .debug_macro   0x00000000000016f5       0x37 Src/UART.o
 .debug_macro   0x000000000000172c       0x6b Src/Ultrasonic.o
 .debug_macro   0x0000000000001797       0x93 Src/main.o

.debug_line     0x0000000000000000     0x1b4f
 .debug_line    0x0000000000000000       0x9d Src/Bluetooth_HC05.o
 .debug_line    0x000000000000009d       0x9b Src/DC_MOTOR.o
 .debug_line    0x0000000000000138      0x5de Src/DMA.o
 .debug_line    0x0000000000000716      0x41e Src/EXTI.o
 .debug_line    0x0000000000000b34      0x23d Src/GPIO.o
 .debug_line    0x0000000000000d71      0x259 Src/I2C.o
 .debug_line    0x0000000000000fca       0x8c Src/IR_Sensor.o
 .debug_line    0x0000000000001056      0x544 Src/Timer.o
 .debug_line    0x000000000000159a      0x1b5 Src/UART.o
 .debug_line    0x000000000000174f      0x15f Src/Ultrasonic.o
 .debug_line    0x00000000000018ae      0x21d Src/main.o
 .debug_line    0x0000000000001acb       0x84 Startup/startup_stm32f103c8tx.o

.debug_str      0x0000000000000000     0x8530
 .debug_str     0x0000000000000000     0x2d64 Src/Bluetooth_HC05.o
                                       0x2d78 (size before relaxing)
 .debug_str     0x0000000000002d64      0x13a Src/DC_MOTOR.o
                                       0x2e62 (size before relaxing)
 .debug_str     0x0000000000002e9e     0x483f Src/DMA.o
                                       0x7558 (size before relaxing)
 .debug_str     0x00000000000076dd      0x27a Src/EXTI.o
                                       0x7493 (size before relaxing)
 .debug_str     0x0000000000007957      0x13e Src/GPIO.o
                                       0x73a4 (size before relaxing)
 .debug_str     0x0000000000007a95      0x1d3 Src/I2C.o
                                       0x73e2 (size before relaxing)
 .debug_str     0x0000000000007c68      0x100 Src/IR_Sensor.o
                                       0x2eb4 (size before relaxing)
 .debug_str     0x0000000000007d68      0x28b Src/Timer.o
                                       0x75c1 (size before relaxing)
 .debug_str     0x0000000000007ff3       0xf8 Src/UART.o
                                       0x73f7 (size before relaxing)
 .debug_str     0x00000000000080eb      0x238 Src/Ultrasonic.o
                                       0x308d (size before relaxing)
 .debug_str     0x0000000000008323      0x1dc Src/main.o
                                       0x2fcc (size before relaxing)
 .debug_str     0x00000000000084ff       0x31 Startup/startup_stm32f103c8tx.o
                                         0x7e (size before relaxing)

.comment        0x0000000000000000       0x7b
 .comment       0x0000000000000000       0x7b Src/Bluetooth_HC05.o
                                         0x7c (size before relaxing)
 .comment       0x000000000000007b       0x7c Src/DC_MOTOR.o
 .comment       0x000000000000007b       0x7c Src/DMA.o
 .comment       0x000000000000007b       0x7c Src/EXTI.o
 .comment       0x000000000000007b       0x7c Src/GPIO.o
 .comment       0x000000000000007b       0x7c Src/I2C.o
 .comment       0x000000000000007b       0x7c Src/IR_Sensor.o
 .comment       0x000000000000007b       0x7c Src/Timer.o
 .comment       0x000000000000007b       0x7c Src/UART.o
 .comment       0x000000000000007b       0x7c Src/Ultrasonic.o
 .comment       0x000000000000007b       0x7c Src/main.o

.debug_frame    0x0000000000000000     0x11f8
 .debug_frame   0x0000000000000000       0x6c Src/Bluetooth_HC05.o
 .debug_frame   0x000000000000006c       0x50 Src/DC_MOTOR.o
 .debug_frame   0x00000000000000bc      0x324 Src/DMA.o
 .debug_frame   0x00000000000003e0      0x19c Src/EXTI.o
 .debug_frame   0x000000000000057c      0x104 Src/GPIO.o
 .debug_frame   0x0000000000000680      0x340 Src/I2C.o
 .debug_frame   0x00000000000009c0       0x58 Src/IR_Sensor.o
 .debug_frame   0x0000000000000a18      0x3a4 Src/Timer.o
 .debug_frame   0x0000000000000dbc      0x184 Src/UART.o
 .debug_frame   0x0000000000000f40       0xa4 Src/Ultrasonic.o
 .debug_frame   0x0000000000000fe4       0xc8 Src/main.o
 .debug_frame   0x00000000000010ac       0x2c c:/st/stm32cubeide_1.5.0/stm32cubeide/plugins/com.st.stm32cube.ide.mcu.externaltools.gnu-tools-for-stm32.7-2018-q2-update.win32_1.5.0.202011040924/tools/bin/../lib/gcc/arm-none-eabi/7.3.1/../../../../arm-none-eabi/lib/thumb/v7-m\libc_nano.a(lib_a-init.o)
 .debug_frame   0x00000000000010d8       0xac c:/st/stm32cubeide_1.5.0/stm32cubeide/plugins/com.st.stm32cube.ide.mcu.externaltools.gnu-tools-for-stm32.7-2018-q2-update.win32_1.5.0.202011040924/tools/bin/../lib/gcc/arm-none-eabi/7.3.1/thumb/v7-m\libgcc.a(_arm_addsubdf3.o)
 .debug_frame   0x0000000000001184       0x50 c:/st/stm32cubeide_1.5.0/stm32cubeide/plugins/com.st.stm32cube.ide.mcu.externaltools.gnu-tools-for-stm32.7-2018-q2-update.win32_1.5.0.202011040924/tools/bin/../lib/gcc/arm-none-eabi/7.3.1/thumb/v7-m\libgcc.a(_arm_muldivdf3.o)
 .debug_frame   0x00000000000011d4       0x24 c:/st/stm32cubeide_1.5.0/stm32cubeide/plugins/com.st.stm32cube.ide.mcu.externaltools.gnu-tools-for-stm32.7-2018-q2-update.win32_1.5.0.202011040924/tools/bin/../lib/gcc/arm-none-eabi/7.3.1/thumb/v7-m\libgcc.a(_arm_fixunsdfsi.o)
