DMA.c:23:6:DMA_Init	4	static
DMA.c:28:6:DMA_Configuration	32	static
DMA.c:39:6:DMA_Enable	16	static
DMA.c:67:6:DMA_Disable	16	static
DMA.c:104:6:DMA_SetISR	16	static
DMA.c:140:6:DMA_EnableInterrupt	16	static
DMA.c:168:6:DMA_DisableInterrupt	16	static
DMA.c:198:6:DMA_No_Of_Transactions	16	static
DMA.c:227:6:DMA_Channel_Priority	16	static
DMA.c:389:6:DMA_Source_Address	16	static
DMA.c:450:6:DMA_Destination_Address	16	static
DMA.c:512:6:DMA_Destination_Size	16	static
DMA.c:897:6:DMA_Source_Size	16	static
DMA.c:1282:6:DMA_Direction	16	static
DMA.c:1374:6:DMA_Mode	16	static
DMA.c:1426:6:DMA1_Channel1_IRQHandler	8	static
DMA.c:1431:6:DMA1_Channel2_IRQHandler	8	static
DMA.c:1436:6:DMA1_Channel3_IRQHandler	8	static
DMA.c:1441:6:DMA1_Channel4_IRQHandler	8	static
DMA.c:1446:6:DMA1_Channel5_IRQHandler	8	static
DMA.c:1451:6:DMA1_Channel6_IRQHandler	8	static
DMA.c:1456:6:DMA1_Channel7_IRQHandler	8	static
