I2C.c:25:6:I2C_Init	16	static
I2C.c:85:6:I2C_Config	16	static
I2C.c:104:6:I2C_Tx_SetISR	16	static
I2C.c:117:6:I2C_Rx_SetISR	16	static
I2C.c:130:6:I2C_Strat_Communication	16	static
I2C.c:144:6:I2C_Stop_Communication	16	static
I2C.c:158:6:I2C_Set_ACKBit	16	static
I2C.c:172:6:I2C_Clr_ACKBit	16	static
I2C.c:186:6:I2C_Clr_ACKFailure	16	static
I2C.c:200:6:I2C_Clr_ByteTransferFinish	16	static
I2C.c:214:6:I2C_SetData	16	static
I2C.c:227:15:I2C_Read	16	static
I2C.c:235:15:I2C_GetStatus	16	static
I2C.c:248:15:I2C_Start_Bit_Sent	16	static
I2C.c:261:15:I2C_ACK_Failure	16	static
I2C.c:274:15:I2C_ByteTransferFinish	16	static
I2C.c:287:15:I2C_Address_Sent	16	static
I2C.c:300:15:I2C_Data_Sent	16	static
I2C.c:313:15:I2C_Data_Recieved	16	static
I2C.c:326:6:I2C1_EV_IRQHandler	8	static
I2C.c:333:6:I2C2_EV_IRQHandler	8	static
