Timer.c:17:6:Timer_Init	16	static
Timer.c:115:15:Timer_Status	16	static
Timer.c:133:15:Timer_InterruptStatus	16	static
Timer.c:152:6:Timer_Enable	16	static
Timer.c:170:6:Timer_Disable	16	static
Timer.c:189:16:Timer_Data	16	static
Timer.c:208:6:Timer_Load	16	static
Timer.c:233:6:Timer_SetISR	16	static
Timer.c:252:6:Timer_InterruptEnable	16	static
Timer.c:275:6:Timer_InterruptDisable	16	static
Timer.c:296:6:Timer_PWMDutyCycle	16	static
Timer.c:371:16:Timer_GetDutyCycle	16	static
Timer.c:446:6:Timer_ActivatePWM	16	static
Timer.c:740:6:Timer_DeactivatePWM	16	static
Timer.c:757:6:Timer_ActivatePWMInterrupt	16	static
Timer.c:833:6:Timer_DeactivatePWMInterrupt	16	static
Timer.c:891:6:Timer_ActivateICU	16	static
Timer.c:1225:6:Timer_ActivateICUInterrupt	16	static
Timer.c:1286:16:Timer_GetICU_Value	16	static
Timer.c:1349:15:Timer_CaptureUnits_Flags	16	static
Timer.c:1365:6:TIM1_IRQHandler	8	static
Timer.c:1381:6:TIM2_IRQHandler	8	static
Timer.c:1397:6:TIM3_IRQHandler	8	static
Timer.c:1412:6:TIM4_IRQHandler	8	static
